// Jest Snapshot v1, https://goo.gl/fbAQLP

exports[`displays history of queries renders data from query history 1`] = `
<DocumentFragment>
  <article
    id=""
  >
    <p
      id=""
    />
    <span
      id=""
    />
  </article>
</DocumentFragment>
`;
